https://learn.microsoft.com/en-us/windows/wsl/basic-commands

Windows PowerShell
Copyright (C) Microsoft Corporation. All rights reserved.

Install the latest PowerShell for new features and improvements! https://aka.ms/PSWindows

PS C:\WINDOWS\system32> wsl --list --online
The following is a list of valid distributions that can be installed.
Install using 'wsl.exe --install <Distro>'.

NAME                                   FRIENDLY NAME
Ubuntu                                 Ubuntu
Debian                                 Debian GNU/Linux
kali-linux                             Kali Linux Rolling
Ubuntu-18.04                           Ubuntu 18.04 LTS
Ubuntu-20.04                           Ubuntu 20.04 LTS
Ubuntu-22.04                           Ubuntu 22.04 LTS
OracleLinux_7_9                        Oracle Linux 7.9
OracleLinux_8_7                        Oracle Linux 8.7
OracleLinux_9_1                        Oracle Linux 9.1
openSUSE-Leap-15.5                     openSUSE Leap 15.5
SUSE-Linux-Enterprise-Server-15-SP4    SUSE Linux Enterprise Server 15 SP4
SUSE-Linux-Enterprise-Server-15-SP5    SUSE Linux Enterprise Server 15 SP5
openSUSE-Tumbleweed                    openSUSE Tumbleweed
PS C:\WINDOWS\system32> wsl --list
Windows Subsystem for Linux Distributions:
Ubuntu-20.04 (Default)
Ubuntu-22.04
Ubuntu
PS C:\WINDOWS\system32> wsl --terminate Ubuntu-20.04
The operation completed successfully.
PS C:\WINDOWS\system32> wsl --list
Windows Subsystem for Linux Distributions:
Ubuntu-20.04 (Default)
Ubuntu-22.04
Ubuntu
PS C:\WINDOWS\system32> wsl --unregister Ubuntu-20.04
Unregistering.
The operation completed successfully.
PS C:\WINDOWS\system32> wsl --list
Windows Subsystem for Linux Distributions:
Ubuntu-22.04 (Default)
Ubuntu
PS C:\WINDOWS\system32> wsl --set-default Ubuntu-22.04
The operation completed successfully.
PS C:\WINDOWS\system32> wsl --list
Windows Subsystem for Linux Distributions:
Ubuntu-22.04 (Default)
Ubuntu
PS C:\WINDOWS\system32> wsl --unregister Ubuntu-22.04
Unregistering.
The operation completed successfully.
PS C:\WINDOWS\system32> wsl --list
Windows Subsystem for Linux Distributions:
Ubuntu (Default)
PS C:\WINDOWS\system32> wsl --unregister Ubuntu
Unregistering.
The operation completed successfully.
PS C:\WINDOWS\system32> wsl --list
Windows Subsystem for Linux has no installed distributions.

Use 'wsl.exe --list --online' to list available distributions
and 'wsl.exe --install <Distro>' to install.

Distributions can also be installed by visiting the Microsoft Store:
https://aka.ms/wslstore
Error code: Wsl/WSL_E_DEFAULT_DISTRO_NOT_FOUND
PS C:\WINDOWS\system32> wsl --list --online
The following is a list of valid distributions that can be installed.
Install using 'wsl.exe --install <Distro>'.

NAME                                   FRIENDLY NAME
Ubuntu                                 Ubuntu
Debian                                 Debian GNU/Linux
kali-linux                             Kali Linux Rolling
Ubuntu-18.04                           Ubuntu 18.04 LTS
Ubuntu-20.04                           Ubuntu 20.04 LTS
Ubuntu-22.04                           Ubuntu 22.04 LTS
OracleLinux_7_9                        Oracle Linux 7.9
OracleLinux_8_7                        Oracle Linux 8.7
OracleLinux_9_1                        Oracle Linux 9.1
openSUSE-Leap-15.5                     openSUSE Leap 15.5
SUSE-Linux-Enterprise-Server-15-SP4    SUSE Linux Enterprise Server 15 SP4
SUSE-Linux-Enterprise-Server-15-SP5    SUSE Linux Enterprise Server 15 SP5
openSUSE-Tumbleweed                    openSUSE Tumbleweed
PS C:\WINDOWS\system32> wsl --install Ubuntu-22.04
Ubuntu 22.04 LTS is already installed.
Launching Ubuntu 22.04 LTS...
Installing, this may take a few minutes...
Please create a default UNIX user account. The username does not need to match your Windows username.
For more information visit: https://aka.ms/wslusers
Enter new UNIX username: sirisha
New password:
Retype new password:
passwd: password updated successfully
The operation completed successfully.
Installation successful!
To run a command as administrator (user "root"), use "sudo <command>".
See "man sudo_root" for details.

Welcome to Ubuntu 22.04.2 LTS (GNU/Linux 5.15.90.1-microsoft-standard-WSL2 x86_64)

 * Documentation:  https://help.ubuntu.com
 * Management:     https://landscape.canonical.com
 * Support:        https://ubuntu.com/advantage


This message is shown once a day. To disable it please create the
/home/sirisha/.hushlogin file.
sirisha@LAPTOP-D739K7S4:~$
